
> test4test@0.1.0 build
> npm run generate:seo && tsc && vite build && npm run prerender:blog


> test4test@0.1.0 generate:seo
> node scripts/generate-seo-files.mjs

Generated sitemap.xml and robots.txt for 1 published blog post(s).
vite v8.2.1 building client environment for production...
transforming...

/assets/static/3b6e5df863308cb6-home-hero-savanna.webp referenced in /assets/static/3b6e5df863308cb6-home-hero-savanna.webp didn't resolve at build time, it will remain unchanged to be resolved at runtime

/assets/static/fba8f577f38a2bbc-GeistMonoVF.woff2 referenced in /assets/static/fba8f577f38a2bbc-GeistMonoVF.woff2 didn't resolve at build time, it will remain unchanged to be resolved at runtime

/assets/static/a369fcf5628ea2aa-GeistVF.woff2 referenced in /assets/static/a369fcf5628ea2aa-GeistVF.woff2 didn't resolve at build time, it will remain unchanged to be resolved at runtime
✓ 1910 modules transformed.
rendering chunks...
computing gzip size...
dist/assets/static/af4171718f901888-paypal-symbol.svg                        1.15 kB │ gzip:   0.59 kB
dist/assets/static-asset-manifest.json                                       1.95 kB │ gzip:   0.57 kB
dist/index.html                                                              2.13 kB │ gzip:   0.68 kB
dist/assets/static/42abe26892d6f6aa-home-share-test-poster.webp             17.45 kB
dist/assets/static/7b3e3d28d7747d14-home-earn-credit-static.webp            18.94 kB
dist/assets/static/5e65fb787becc53b-monkey-typing-loop.webp                 25.52 kB
dist/assets/static/650b34f86ff6b77a-home-earn-credit-poster.webp            33.33 kB
dist/assets/static/450f694f15c0bcd5-home-step-create-test-actual.webp       52.33 kB
dist/assets/static/0303966e195fe99b-home-step-get-testers-actual.webp       55.05 kB
dist/assets/static/9580950c4583b676-home-step-gain-insights-actual.webp     69.01 kB
dist/assets/static/a369fcf5628ea2aa-GeistVF.woff2                           69.65 kB
dist/assets/static/fba8f577f38a2bbc-GeistMonoVF.woff2                       71.36 kB
dist/assets/static/1851cd720e0be27a-home-share-test.av1.mp4                 98.88 kB
dist/assets/static/6391ef842990e237-home-share-test.mp4                    137.88 kB
dist/assets/static/3bee4081f0951af8-home-earn-credit.mp4                   179.52 kB
dist/assets/static/3b6e5df863308cb6-home-hero-savanna.webp                 183.85 kB
dist/assets/static/673ba2cfe743c899-monkey-vine-poster.png                 546.27 kB
dist/assets/static/769d0fcfe10369ae-monkey-vine-loop.webp                  839.04 kB
dist/assets/static/294cf291992b0a79-how-it-works-ai-testers.png          1,327.62 kB
dist/assets/static/d0df13b78ca5c259-monkey-typing-source.png             1,462.04 kB
dist/assets/static/2642411dc55243f4-how-it-works-bring-testers.png       1,600.75 kB
dist/assets/static/5e42e56003aee922-how-it-works-test-credits.png        2,158.28 kB
dist/assets/earn-activation-v1/AdminPage-HJB7u7xw.css                        0.14 kB │ gzip:   0.12 kB
dist/assets/earn-activation-v1/VerificationFlowShell-BQWLbVPa.css            0.48 kB │ gzip:   0.25 kB
dist/assets/earn-activation-v1/AuthPage-Dpa_-vMd.css                         1.18 kB │ gzip:   0.46 kB
dist/assets/earn-activation-v1/ProfilePage-C5k7fku6.css                      1.92 kB │ gzip:   0.57 kB
dist/assets/earn-activation-v1/RecordingViewPage-BH_j7KAC.css                2.16 kB │ gzip:   0.71 kB
dist/assets/earn-activation-v1/TesterSignupPage-BHn4esYs.css                 2.20 kB │ gzip:   0.67 kB
dist/assets/earn-activation-v1/SharePage-CZH4713U.css                        2.34 kB │ gzip:   0.71 kB
dist/assets/earn-activation-v1/AnalyticsPage-sUsfQwuL.css                    2.49 kB │ gzip:   0.89 kB
dist/assets/earn-activation-v1/MessagesPage-6g982RG4.css                     3.00 kB │ gzip:   0.87 kB
dist/assets/earn-activation-v1/SubmitFlowPage-Dt8gqikZ.css                   3.54 kB │ gzip:   0.94 kB
dist/assets/earn-activation-v1/TesterLandingPage-YP-3kXr8.css                4.19 kB │ gzip:   0.98 kB
dist/assets/earn-activation-v1/RecordingViewPage-ChTW4pGo.css                4.47 kB │ gzip:   1.27 kB
dist/assets/earn-activation-v1/EarnPage-KKtCq3Ga.css                        11.97 kB │ gzip:   2.00 kB
dist/assets/earn-activation-v1/TestSessionPage-B7aIVrk7.css                 14.27 kB │ gzip:   2.44 kB
dist/assets/earn-activation-v1/HomePage-BmIrEncj.css                        27.13 kB │ gzip:   4.24 kB
dist/assets/earn-activation-v1/Layout-CUdndKve.css                          61.33 kB │ gzip:   9.22 kB
dist/assets/earn-activation-v1/index--btesmWl.css                           69.59 kB │ gzip:   7.98 kB
dist/assets/earn-activation-v1/check-CqdHnbBE.js                             0.11 kB │ gzip:   0.13 kB
dist/assets/earn-activation-v1/arrow-left-DbYMCV8O.js                        0.15 kB │ gzip:   0.15 kB
dist/assets/earn-activation-v1/mail-Dmoyihb6.js                              0.20 kB │ gzip:   0.19 kB
dist/assets/earn-activation-v1/copy-Cv9jqbaP.js                              0.22 kB │ gzip:   0.20 kB
dist/assets/earn-activation-v1/StepIndicator-ycqtbcU_.js                     0.23 kB │ gzip:   0.18 kB
dist/assets/earn-activation-v1/external-link-89tvdj1y.js                     0.24 kB │ gzip:   0.19 kB
dist/assets/earn-activation-v1/pencil-line-DWLPNdAs.js                       0.30 kB │ gzip:   0.23 kB
dist/assets/earn-activation-v1/trash-2-DCP3hfLB.js                           0.31 kB │ gzip:   0.21 kB
dist/assets/earn-activation-v1/NotFoundPage-w-PkdV1B.js                      0.32 kB │ gzip:   0.25 kB
dist/assets/earn-activation-v1/shield-alert-CuUGYIPv.js                      0.34 kB │ gzip:   0.25 kB
dist/assets/earn-activation-v1/RecordingViewPage.module-j6c4HSK1.js          0.45 kB │ gzip:   0.23 kB
dist/assets/earn-activation-v1/AuthPage.module-BiNC2Di0.js                   0.53 kB │ gzip:   0.32 kB
dist/assets/earn-activation-v1/rolldown-runtime-CbXtAM7H.js                  0.58 kB │ gzip:   0.36 kB
dist/assets/earn-activation-v1/VerificationFlowShell-D8tcq9lu.js             0.74 kB │ gzip:   0.39 kB
dist/assets/earn-activation-v1/earnExperimentFixture-BmE-HQdB.js             0.74 kB │ gzip:   0.33 kB
dist/assets/earn-activation-v1/reportedFeedback-DpBDXjoH.js                  0.76 kB │ gzip:   0.42 kB
dist/assets/earn-activation-v1/submittedFeedback-cT6r-KqL.js                 0.93 kB │ gzip:   0.53 kB
dist/assets/earn-activation-v1/responseVersions-vI5Pwn0O.js                  0.97 kB │ gzip:   0.55 kB
dist/assets/earn-activation-v1/BannedPage-Brh0HAnD.js                        1.00 kB │ gzip:   0.52 kB
dist/assets/earn-activation-v1/recordingShare-eoFdiSk2.js                    1.24 kB │ gzip:   0.66 kB
dist/assets/earn-activation-v1/earnPlacementCelebration-NFuAyTKw.js          1.34 kB │ gzip:   0.60 kB
dist/assets/earn-activation-v1/recordingClips-DRBxi-pV.js                    1.71 kB │ gzip:   0.91 kB
dist/assets/earn-activation-v1/SharedRecordingPage-jh3mcJNd.js               1.72 kB │ gzip:   0.85 kB
dist/assets/earn-activation-v1/TestSuccessPage-C7Yf9vBk.js                   1.80 kB │ gzip:   0.74 kB
dist/assets/earn-activation-v1/testReports-CjwnbIBU.js                       1.88 kB │ gzip:   0.83 kB
dist/assets/earn-activation-v1/transcriptReports-cXPfMrHB.js                 1.98 kB │ gzip:   0.98 kB
dist/assets/earn-activation-v1/CreditsPage-B1i9Z5o_.js                       2.09 kB │ gzip:   0.90 kB
dist/assets/earn-activation-v1/SharedClipPage-0g0Az95r.js                    2.09 kB │ gzip:   1.07 kB
dist/assets/earn-activation-v1/BlogPage-D2kW0E2C.js                          2.14 kB │ gzip:   0.77 kB
dist/assets/earn-activation-v1/VerifyPage-hxsAB4_q.js                        3.17 kB │ gzip:   1.48 kB
dist/assets/earn-activation-v1/ReviseSubmissionPage-au_g-GmF.js              3.21 kB │ gzip:   1.62 kB
dist/assets/earn-activation-v1/BlogPostPage-BWr_j5eR.js                      3.31 kB │ gzip:   1.20 kB
dist/assets/earn-activation-v1/EmailPreviewPage-COw_6g0g.js                  3.48 kB │ gzip:   1.02 kB
dist/assets/earn-activation-v1/SignInPage-CjNP4L5m.js                        4.24 kB │ gzip:   1.79 kB
dist/assets/earn-activation-v1/TesterLandingPage-D1WY6kCA.js                 4.70 kB │ gzip:   1.73 kB
dist/assets/earn-activation-v1/testerSignup-BwxDc9WL.js                      4.72 kB │ gzip:   1.85 kB
dist/assets/earn-activation-v1/SharePage-BThCvH3Z.js                         7.09 kB │ gzip:   2.72 kB
dist/assets/earn-activation-v1/MessagesPage-DibS7dSq.js                      8.12 kB │ gzip:   3.07 kB
dist/assets/earn-activation-v1/blogSeo-c_qrF8SW.js                           9.39 kB │ gzip:   3.52 kB
dist/assets/earn-activation-v1/SubmissionsPage-BMFKDrWg.js                   9.52 kB │ gzip:   3.12 kB
dist/assets/earn-activation-v1/TesterSignupPage-yclSoV0m.js                 10.01 kB │ gzip:   3.37 kB
dist/assets/earn-activation-v1/recordings-wbXV__-b.js                       11.40 kB │ gzip:   4.26 kB
dist/assets/earn-activation-v1/AdminPage-eztWK5Jp.js                        13.55 kB │ gzip:   4.40 kB
dist/assets/earn-activation-v1/ProfilePage-DISllrpy.js                      16.18 kB │ gzip:   4.35 kB
dist/assets/earn-activation-v1/SubmitFlowPage-CTvJ-evg.js                   17.07 kB │ gzip:   5.61 kB
dist/assets/earn-activation-v1/AnalyticsPage-6XsGx6Gu.js                    19.51 kB │ gzip:   7.00 kB
dist/assets/earn-activation-v1/questions-C5vMeNEi.js                        21.90 kB │ gzip:   6.08 kB
dist/assets/earn-activation-v1/HomePage-B1pKAaj3.js                         28.07 kB │ gzip:   9.35 kB
dist/assets/earn-activation-v1/RecordingViewPage-Bbc6EVmR.js                29.20 kB │ gzip:   9.78 kB
dist/assets/earn-activation-v1/EarnPage-QO7K80Yo.js                         50.57 kB │ gzip:  15.16 kB
dist/assets/earn-activation-v1/TestSessionPage-BlyQlWul.js                  75.50 kB │ gzip:  19.42 kB
dist/assets/earn-activation-v1/index-BWzWaBDw.js                           197.36 kB │ gzip:  61.69 kB
dist/assets/earn-activation-v1/Layout-DpqBn0lS.js                          377.98 kB │ gzip: 100.72 kB

✓ built in 1.01s

> test4test@0.1.0 prerender:blog
> node scripts/prerender-blog.mjs

Prerendered 2 blog route(s): /blog, /blog/top-5-free-user-testing-platforms-2026
