
> test4test@0.1.0 build
> npm run generate:seo && tsc && vite build && npm run prerender:blog


> test4test@0.1.0 generate:seo
> node scripts/generate-seo-files.mjs

Generated sitemap.xml and robots.txt for 1 published blog post(s).
vite v8.2.1 building client environment for production...
transforming...
✓ 1871 modules transformed.
rendering chunks...
computing gzip size...
dist/index.html                                   1.93 kB │ gzip:  0.62 kB
dist/assets/VerificationFlowShell-BQWLbVPa.css    0.48 kB │ gzip:  0.25 kB
dist/assets/AuthPage-IOZlYALK.css                 1.07 kB │ gzip:  0.44 kB
dist/assets/ProfilePage-C5k7fku6.css              1.92 kB │ gzip:  0.57 kB
dist/assets/TesterSignupPage-BHn4esYs.css         2.20 kB │ gzip:  0.67 kB
dist/assets/AnalyticsPage-B0hlpDSv.css            2.38 kB │ gzip:  0.87 kB
dist/assets/RecordingViewPage-DfTqLIRl.css        2.48 kB │ gzip:  0.74 kB
dist/assets/SharePage-D2AjSEmD.css                2.65 kB │ gzip:  0.78 kB
dist/assets/SubmitFlowPage-Dt8gqikZ.css           3.54 kB │ gzip:  0.94 kB
dist/assets/TesterLandingPage-OMUvMK4b.css        5.92 kB │ gzip:  1.33 kB
dist/assets/TestSessionPage-BkBFQ6kK.css         10.99 kB │ gzip:  1.91 kB
dist/assets/EarnPage-HibGhVPn.css                11.43 kB │ gzip:  1.91 kB
dist/assets/Layout-DzE7vXqh.css                  53.83 kB │ gzip:  8.18 kB
dist/assets/index-_DHa-VLw.css                   94.59 kB │ gzip: 11.21 kB
dist/assets/check-Dr4TiVfg.js                     0.11 kB │ gzip:  0.13 kB
dist/assets/plus-CvRKI1aD.js                      0.14 kB │ gzip:  0.14 kB
dist/assets/arrow-left-BzsXpmxY.js                0.15 kB │ gzip:  0.15 kB
dist/assets/mail-BqJOSZnN.js                      0.20 kB │ gzip:  0.19 kB
dist/assets/mic-CHFSuth1.js                       0.22 kB │ gzip:  0.20 kB
dist/assets/copy-Bdg2ojc8.js                      0.22 kB │ gzip:  0.20 kB
dist/assets/StepIndicator-BcLg1mgc.js             0.22 kB │ gzip:  0.19 kB
dist/assets/flag-C8O_CU0p.js                      0.24 kB │ gzip:  0.20 kB
dist/assets/pencil-line-DEvGGNbf.js               0.30 kB │ gzip:  0.23 kB
dist/assets/trash-2-4tD8ccbl.js                   0.31 kB │ gzip:  0.21 kB
dist/assets/shield-alert-kqc-E-U0.js              0.34 kB │ gzip:  0.25 kB
dist/assets/share-2-WSBfDTpC.js                   0.34 kB │ gzip:  0.23 kB
dist/assets/AuthPage.module-CRtrzAuT.js           0.51 kB │ gzip:  0.31 kB
dist/assets/rolldown-runtime-CbXtAM7H.js          0.58 kB │ gzip:  0.36 kB
dist/assets/VerificationFlowShell-CPFcMOF4.js     0.74 kB │ gzip:  0.40 kB
dist/assets/reportedFeedback-DpBDXjoH.js          0.76 kB │ gzip:  0.42 kB
dist/assets/submittedFeedback-DvVdKzS6.js         0.96 kB │ gzip:  0.54 kB
dist/assets/BannedPage-mDL_4oL5.js                0.99 kB │ gzip:  0.52 kB
dist/assets/testReports-Db6BMtiK.js               1.88 kB │ gzip:  0.83 kB
dist/assets/TestSuccessPage-dqQiJhAi.js           2.03 kB │ gzip:  0.89 kB
dist/assets/CreditsPage-Bx2Et4IL.js               2.09 kB │ gzip:  0.90 kB
dist/assets/BlogPage-7ACKuOYv.js                  2.17 kB │ gzip:  0.79 kB
dist/assets/VerifyPage-BV73uGZv.js                2.96 kB │ gzip:  1.40 kB
dist/assets/BlogPostPage-CCEKlkR-.js              3.34 kB │ gzip:  1.22 kB
dist/assets/EmailPreviewPage-CT3kKpkY.js          3.47 kB │ gzip:  1.02 kB
dist/assets/SignInPage-DlKL8eWg.js                3.92 kB │ gzip:  1.64 kB
dist/assets/RecordingViewPage-B-V01H3n.js         4.66 kB │ gzip:  1.91 kB
dist/assets/testerSignup-BwxDc9WL.js              4.72 kB │ gzip:  1.85 kB
dist/assets/testResponseDrafts-Bmrx_5YD.js        5.45 kB │ gzip:  1.71 kB
dist/assets/TesterLandingPage-MdWPKnDH.js         6.41 kB │ gzip:  2.26 kB
dist/assets/AdminPage-CipEaOjF.js                 8.53 kB │ gzip:  2.61 kB
dist/assets/SharePage-E9ZtHTq7.js                 8.73 kB │ gzip:  3.25 kB
dist/assets/blogSeo-DLbAZ0fC.js                   9.39 kB │ gzip:  3.52 kB
dist/assets/TesterSignupPage-B-kRycN3.js         10.00 kB │ gzip:  3.37 kB
dist/assets/SubmissionsPage-BVJ06xzC.js          10.21 kB │ gzip:  3.35 kB
dist/assets/recordings-BMtJ1-mZ.js               10.70 kB │ gzip:  3.93 kB
dist/assets/ReviseSubmissionPage-DOaXAesI.js     11.58 kB │ gzip:  4.12 kB
dist/assets/ProfilePage-SPE5S8Vc.js              16.91 kB │ gzip:  4.57 kB
dist/assets/SubmitFlowPage-BqJeL100.js           17.06 kB │ gzip:  5.62 kB
dist/assets/AnalyticsPage-Dsx5HZtD.js            19.86 kB │ gzip:  7.07 kB
dist/assets/EarnPage-HrSuI6GT.js                 44.54 kB │ gzip: 13.08 kB
dist/assets/TestSessionPage-AuaHIThX.js         109.96 kB │ gzip: 23.94 kB
dist/assets/index-BBE-x90H.js                   217.65 kB │ gzip: 68.18 kB
dist/assets/Layout-BgCPGe0v.js                  340.23 kB │ gzip: 93.54 kB

✓ built in 1.33s

> test4test@0.1.0 prerender:blog
> node scripts/prerender-blog.mjs

Prerendered 2 blog route(s): /blog, /blog/top-5-free-user-testing-platforms-2026
