
> test4test@0.1.0 build
> npm run generate:seo && tsc && vite build && npm run prerender:blog


> test4test@0.1.0 generate:seo
> node scripts/generate-seo-files.mjs

Generated sitemap.xml and robots.txt for 1 published blog post(s).
vite v8.2.1 building client environment for production...
transforming...
✓ 1871 modules transformed.
rendering chunks...
computing gzip size...
dist/index.html                                   1.93 kB │ gzip:  0.63 kB
dist/assets/VerificationFlowShell-BQWLbVPa.css    0.48 kB │ gzip:  0.25 kB
dist/assets/AuthPage-IOZlYALK.css                 1.07 kB │ gzip:  0.44 kB
dist/assets/ProfilePage-C5k7fku6.css              1.92 kB │ gzip:  0.57 kB
dist/assets/TesterSignupPage-BHn4esYs.css         2.20 kB │ gzip:  0.67 kB
dist/assets/AnalyticsPage-B0hlpDSv.css            2.38 kB │ gzip:  0.87 kB
dist/assets/RecordingViewPage-DfTqLIRl.css        2.48 kB │ gzip:  0.74 kB
dist/assets/SharePage-D2AjSEmD.css                2.65 kB │ gzip:  0.78 kB
dist/assets/SubmitFlowPage-Dt8gqikZ.css           3.54 kB │ gzip:  0.94 kB
dist/assets/TesterLandingPage-OMUvMK4b.css        5.92 kB │ gzip:  1.33 kB
dist/assets/TestSessionPage-BkBFQ6kK.css         10.99 kB │ gzip:  1.91 kB
dist/assets/EarnPage-HibGhVPn.css                11.43 kB │ gzip:  1.91 kB
dist/assets/Layout-CUmEvb10.css                  53.78 kB │ gzip:  8.17 kB
dist/assets/index-B2qg46O9.css                   94.49 kB │ gzip: 11.19 kB
dist/assets/check-DHnVj-eH.js                     0.11 kB │ gzip:  0.13 kB
dist/assets/plus-BJKbM7u7.js                      0.14 kB │ gzip:  0.14 kB
dist/assets/arrow-left-Bb7ZYpmP.js                0.15 kB │ gzip:  0.15 kB
dist/assets/mail-BOcgxB-k.js                      0.20 kB │ gzip:  0.19 kB
dist/assets/mic-CBCb57n7.js                       0.22 kB │ gzip:  0.20 kB
dist/assets/copy-B15O3sJ9.js                      0.22 kB │ gzip:  0.20 kB
dist/assets/StepIndicator-CrR_WXPY.js             0.22 kB │ gzip:  0.19 kB
dist/assets/flag-BAEoF4z1.js                      0.24 kB │ gzip:  0.20 kB
dist/assets/pencil-line-ChvdpEoK.js               0.30 kB │ gzip:  0.23 kB
dist/assets/trash-2-B5iDadw-.js                   0.31 kB │ gzip:  0.21 kB
dist/assets/shield-alert-BwZbcTDB.js              0.34 kB │ gzip:  0.25 kB
dist/assets/share-2-BqGiKNP4.js                   0.34 kB │ gzip:  0.23 kB
dist/assets/AuthPage.module-CGslePCK.js           0.51 kB │ gzip:  0.31 kB
dist/assets/rolldown-runtime-CbXtAM7H.js          0.58 kB │ gzip:  0.36 kB
dist/assets/VerificationFlowShell-Gm9ygVf6.js     0.74 kB │ gzip:  0.40 kB
dist/assets/reportedFeedback-DpBDXjoH.js          0.76 kB │ gzip:  0.42 kB
dist/assets/submittedFeedback-0a_D-WCh.js         0.96 kB │ gzip:  0.54 kB
dist/assets/BannedPage-BxoXVNEa.js                0.99 kB │ gzip:  0.52 kB
dist/assets/testReports-DTktK_Ix.js               1.88 kB │ gzip:  0.83 kB
dist/assets/TestSuccessPage-Jmn0ybnX.js           2.03 kB │ gzip:  0.89 kB
dist/assets/CreditsPage-_bmbmLEl.js               2.09 kB │ gzip:  0.90 kB
dist/assets/BlogPage-CS5KyX4u.js                  2.17 kB │ gzip:  0.79 kB
dist/assets/VerifyPage-D8WI40Py.js                2.96 kB │ gzip:  1.40 kB
dist/assets/BlogPostPage-B49i4Blp.js              3.34 kB │ gzip:  1.22 kB
dist/assets/EmailPreviewPage--VK8cbC5.js          3.47 kB │ gzip:  1.02 kB
dist/assets/SignInPage-BTbqavLf.js                3.92 kB │ gzip:  1.64 kB
dist/assets/RecordingViewPage-DtNfS7OR.js         4.66 kB │ gzip:  1.91 kB
dist/assets/testerSignup-BwxDc9WL.js              4.72 kB │ gzip:  1.85 kB
dist/assets/testResponseDrafts-Bj6IaHTZ.js        5.45 kB │ gzip:  1.71 kB
dist/assets/TesterLandingPage-9He1CK8x.js         6.41 kB │ gzip:  2.26 kB
dist/assets/AdminPage-BxGG8oH_.js                 8.53 kB │ gzip:  2.62 kB
dist/assets/SharePage-FKDT-qGC.js                 8.73 kB │ gzip:  3.25 kB
dist/assets/blogSeo-C4nkXfqn.js                   9.39 kB │ gzip:  3.52 kB
dist/assets/TesterSignupPage-CWdDTNOL.js         10.00 kB │ gzip:  3.37 kB
dist/assets/SubmissionsPage-B03_FFXu.js          10.21 kB │ gzip:  3.35 kB
dist/assets/recordings-Ch0rdxsN.js               10.70 kB │ gzip:  3.93 kB
dist/assets/ReviseSubmissionPage-DqRubvxh.js     11.58 kB │ gzip:  4.12 kB
dist/assets/ProfilePage-Bpv8K4_b.js              16.17 kB │ gzip:  4.34 kB
dist/assets/SubmitFlowPage-CaisT_Em.js           17.06 kB │ gzip:  5.62 kB
dist/assets/AnalyticsPage-DJk-U_ki.js            19.86 kB │ gzip:  7.07 kB
dist/assets/EarnPage-L__seLBm.js                 44.54 kB │ gzip: 13.08 kB
dist/assets/TestSessionPage-LfD1MMIj.js         109.96 kB │ gzip: 23.94 kB
dist/assets/index-c9eIZwGz.js                   217.65 kB │ gzip: 68.18 kB
dist/assets/Layout-DMbTgGhm.js                  340.65 kB │ gzip: 93.69 kB

✓ built in 1.37s

> test4test@0.1.0 prerender:blog
> node scripts/prerender-blog.mjs

Prerendered 2 blog route(s): /blog, /blog/top-5-free-user-testing-platforms-2026
