0 verbose cli C:\Program Files\nodejs\node.exe C:\Program Files\nodejs\node_modules\npm\bin\npm-cli.js
1 info using npm@10.9.3
2 info using node@v22.18.0
3 silly config load:file:C:\Program Files\nodejs\node_modules\npm\npmrc
4 silly config load:file:C:\Projects\Test4Test-Redesign\.npmrc
5 silly config load:file:C:\Users\matth\.npmrc
6 silly config load:file:C:\Users\matth\AppData\Roaming\npm\etc\npmrc
7 verbose title npm exec deno check --no-config --node-modules-dir=none --no-lock supabase/functions/get-response-recording-access/index.ts supabase/functions/get-transcript-report/index.ts supabase/functions/retry-recording-transcript/index.ts supabase/functions/complete-recording-transcript/index.ts supabase/functions/dispatch-recording-transcripts/index.ts supabase/functions/complete-recording-thumbnails/index.ts supabase/functions/cleanup-response-recordings/index.ts supabase/functions/recording-upload-r2/index.ts supabase/functions/report-feedback-rating/index.ts
8 verbose argv "exec" "--yes" "--cache" ".tmp/npm-cache" "--package" "deno@2.9.6" "--" "deno" "check" "--no-config" "--node-modules-dir=none" "--no-lock" "supabase/functions/get-response-recording-access/index.ts" "supabase/functions/get-transcript-report/index.ts" "supabase/functions/retry-recording-transcript/index.ts" "supabase/functions/complete-recording-transcript/index.ts" "supabase/functions/dispatch-recording-transcripts/index.ts" "supabase/functions/complete-recording-thumbnails/index.ts" "supabase/functions/cleanup-response-recordings/index.ts" "supabase/functions/recording-upload-r2/index.ts" "supabase/functions/report-feedback-rating/index.ts"
9 verbose logfile logs-max:10 dir:C:\Projects\Test4Test-Redesign\.tmp\npm-cache\_logs\2026-09-12T00_03_36_911Z-
10 verbose logfile C:\Projects\Test4Test-Redesign\.tmp\npm-cache\_logs\2026-09-12T00_03_36_911Z-debug-0.log
11 silly logfile done cleaning log files
12 silly packumentCache heap:4345298944 maxSize:1086324736 maxEntrySize:543162368
13 http fetch GET 200 https://registry.npmjs.org/deno 85ms (cache miss)
14 http fetch GET 200 https://registry.npmjs.org/npm 385ms
15 silly packumentCache heap:4345298944 maxSize:1086324736 maxEntrySize:543162368
16 silly idealTree buildDeps
17 silly fetch manifest deno@2.9.6
18 silly packumentCache full:https://registry.npmjs.org/deno cache-miss
19 http fetch GET 200 https://registry.npmjs.org/deno 121ms (cache miss)
20 silly packumentCache full:https://registry.npmjs.org/deno set size:undefined disposed:false
21 silly placeDep ROOT deno@2.9.6 OK for:  want: 2.9.6
22 silly fetch manifest @deno/win32-x64@2.9.6
23 silly packumentCache full:https://registry.npmjs.org/@deno%2fwin32-x64 cache-miss
24 silly fetch manifest @deno/win32-arm64@2.9.6
25 silly packumentCache full:https://registry.npmjs.org/@deno%2fwin32-arm64 cache-miss
26 silly fetch manifest @deno/darwin-x64@2.9.6
27 silly packumentCache full:https://registry.npmjs.org/@deno%2fdarwin-x64 cache-miss
28 silly fetch manifest @deno/darwin-arm64@2.9.6
29 silly packumentCache full:https://registry.npmjs.org/@deno%2fdarwin-arm64 cache-miss
30 silly fetch manifest @deno/linux-x64-glibc@2.9.6
31 silly packumentCache full:https://registry.npmjs.org/@deno%2flinux-x64-glibc cache-miss
32 silly fetch manifest @deno/linux-arm64-glibc@2.9.6
33 silly packumentCache full:https://registry.npmjs.org/@deno%2flinux-arm64-glibc cache-miss
34 http fetch GET 200 https://registry.npmjs.org/@deno%2fwin32-x64 193ms (cache miss)
35 silly packumentCache full:https://registry.npmjs.org/@deno%2fwin32-x64 set size:undefined disposed:false
36 http fetch GET 200 https://registry.npmjs.org/@deno%2fwin32-arm64 199ms (cache miss)
37 silly packumentCache full:https://registry.npmjs.org/@deno%2fwin32-arm64 set size:undefined disposed:false
38 http fetch GET 200 https://registry.npmjs.org/@deno%2flinux-arm64-glibc 231ms (cache miss)
39 silly packumentCache full:https://registry.npmjs.org/@deno%2flinux-arm64-glibc set size:undefined disposed:false
40 http fetch GET 200 https://registry.npmjs.org/@deno%2fdarwin-x64 235ms (cache miss)
41 silly packumentCache full:https://registry.npmjs.org/@deno%2fdarwin-x64 set size:undefined disposed:false
42 http fetch GET 200 https://registry.npmjs.org/@deno%2flinux-x64-glibc 254ms (cache miss)
43 silly packumentCache full:https://registry.npmjs.org/@deno%2flinux-x64-glibc set size:undefined disposed:false
44 http fetch GET 200 https://registry.npmjs.org/@deno%2fdarwin-arm64 326ms (cache miss)
45 silly packumentCache full:https://registry.npmjs.org/@deno%2fdarwin-arm64 set size:undefined disposed:false
46 silly placeDep ROOT @deno/darwin-arm64@2.9.6 OK for: deno@2.9.6 want: 2.9.6
47 silly placeDep ROOT @deno/darwin-x64@2.9.6 OK for: deno@2.9.6 want: 2.9.6
48 silly placeDep ROOT @deno/linux-arm64-glibc@2.9.6 OK for: deno@2.9.6 want: 2.9.6
49 silly placeDep ROOT @deno/linux-x64-glibc@2.9.6 OK for: deno@2.9.6 want: 2.9.6
50 silly placeDep ROOT @deno/win32-arm64@2.9.6 OK for: deno@2.9.6 want: 2.9.6
51 silly placeDep ROOT @deno/win32-x64@2.9.6 OK for: deno@2.9.6 want: 2.9.6
52 silly reify moves {}
53 silly audit bulk request {
53 silly audit   deno: [ '2.9.6' ],
53 silly audit   '@deno/darwin-arm64': [ '2.9.6' ],
53 silly audit   '@deno/darwin-x64': [ '2.9.6' ],
53 silly audit   '@deno/linux-arm64-glibc': [ '2.9.6' ],
53 silly audit   '@deno/linux-x64-glibc': [ '2.9.6' ],
53 silly audit   '@deno/win32-arm64': [ '2.9.6' ],
53 silly audit   '@deno/win32-x64': [ '2.9.6' ]
53 silly audit }
54 verbose reify failed optional dependency C:\Projects\Test4Test-Redesign\.tmp\npm-cache\_npx\7a40be787520bede\node_modules\@deno\win32-arm64
55 silly reify mark deleted [
55 silly reify   'C:\\Projects\\Test4Test-Redesign\\.tmp\\npm-cache\\_npx\\7a40be787520bede\\node_modules\\@deno\\win32-arm64'
55 silly reify ]
56 verbose reify failed optional dependency C:\Projects\Test4Test-Redesign\.tmp\npm-cache\_npx\7a40be787520bede\node_modules\@deno\linux-x64-glibc
57 silly reify mark deleted [
57 silly reify   'C:\\Projects\\Test4Test-Redesign\\.tmp\\npm-cache\\_npx\\7a40be787520bede\\node_modules\\@deno\\linux-x64-glibc'
57 silly reify ]
58 verbose reify failed optional dependency C:\Projects\Test4Test-Redesign\.tmp\npm-cache\_npx\7a40be787520bede\node_modules\@deno\linux-arm64-glibc
59 silly reify mark deleted [
59 silly reify   'C:\\Projects\\Test4Test-Redesign\\.tmp\\npm-cache\\_npx\\7a40be787520bede\\node_modules\\@deno\\linux-arm64-glibc'
59 silly reify ]
60 verbose reify failed optional dependency C:\Projects\Test4Test-Redesign\.tmp\npm-cache\_npx\7a40be787520bede\node_modules\@deno\darwin-x64
61 silly reify mark deleted [
61 silly reify   'C:\\Projects\\Test4Test-Redesign\\.tmp\\npm-cache\\_npx\\7a40be787520bede\\node_modules\\@deno\\darwin-x64'
61 silly reify ]
62 verbose reify failed optional dependency C:\Projects\Test4Test-Redesign\.tmp\npm-cache\_npx\7a40be787520bede\node_modules\@deno\darwin-arm64
63 silly reify mark deleted [
63 silly reify   'C:\\Projects\\Test4Test-Redesign\\.tmp\\npm-cache\\_npx\\7a40be787520bede\\node_modules\\@deno\\darwin-arm64'
63 silly reify ]
64 http cache @deno/win32-x64@https://registry.npmjs.org/@deno/win32-x64/-/win32-x64-2.9.6.tgz 0ms (cache hit)
65 http cache deno@https://registry.npmjs.org/deno/-/deno-2.9.6.tgz 0ms (cache hit)
66 silly tarball no local data for @deno/win32-x64@https://registry.npmjs.org/@deno/win32-x64/-/win32-x64-2.9.6.tgz. Extracting by manifest.
67 silly tarball no local data for deno@https://registry.npmjs.org/deno/-/deno-2.9.6.tgz. Extracting by manifest.
68 http fetch GET 200 https://registry.npmjs.org/deno/-/deno-2.9.6.tgz 76ms (cache miss)
69 http fetch POST 200 https://registry.npmjs.org/-/npm/v1/security/advisories/bulk 95ms
70 silly audit report {}
71 http fetch GET 200 https://registry.npmjs.org/@deno/win32-x64/-/win32-x64-2.9.6.tgz 3012ms (cache miss)
72 info run deno@2.9.6 postinstall node_modules/deno node ./install.cjs
73 info run deno@2.9.6 postinstall { code: 0, signal: null }
74 verbose cwd C:\Projects\Test4Test-Redesign
75 verbose os Windows_NT 10.0.26200
76 verbose node v22.18.0
77 verbose npm  v10.9.3
78 notice
78 notice New major version of npm available! 10.9.3 -> 12.0.2
78 notice Changelog: https://github.com/npm/cli/releases/tag/v12.0.2
78 notice To update run: npm install -g npm@12.0.2
78 notice  { force: true, [Symbol(proc-log.meta)]: true }
79 verbose exit 0
80 info ok
